<html>
<body>
<pre>
<h1>µVision Build Log</h1>
<h2>Project:</h2>
D:\Education\College\Courses\Junior\Second Term\Embedded Systems\Microwave-Oven-Controller\Microwave_Oven_Controller.uvproj
Project File Date:  05/23/2022

<h2>Output:</h2>
Build target 'Target 1'
compiling Microwave_Functions.c...
Microwave_Functions\Microwave_Functions.c(150): warning:  #550-D: variable "f30" was set but never used
        unsigned char f30 = 0;  //to get a value smaller than 30
Microwave_Functions\Microwave_Functions.c: 1 warning, 0 errors
linking...
Program Size: Code=3628 RO-data=652 RW-data=32 ZI-data=512  
".\Microwave_Oven_Controller.axf" - 0 Error(s), 1 Warning(s).
Load "D:\\Education\\College\\Courses\\Junior\\Second Term\\Embedded Systems\\Microwave-Oven-Controller\\Microwave_Oven_Controller.axf" 
Connecting: Mode=JTAG, Speed=1000000Hz
Erase Done.
Programming Done.
Verify OK.
