<html>
<body>
<pre>
<h1>µVision Build Log</h1>
<h2>Project:</h2>
E:\ASU - Engineering\Junior\Semester 6\CSE211s - Introduction to Embedded Systems\Project\Source Code\Microwave_Oven_Controller.uvproj
Project File Date:  05/12/2022

<h2>Output:</h2>
Build target 'Target 1'
compiling main.c...
linking...
Program Size: Code=984 RO-data=652 RW-data=16 ZI-data=512  
".\Microwave_Oven_Controller.axf" - 0 Error(s), 0 Warning(s).
nd main.o).
Not enough information to list image symbols.
Not enough information to list the image map.
Finished: 2 information, 0 warning and 1 error messages.
".\Microwave_Oven_Controller.axf" - 1 Error(s), 0 Warning(s).
Target not created
rrors
linking...
Program Size: Code=736 RO-data=636 RW-data=0 ZI-data=512  
".\Microwave_Oven_Controller.axf" - 0 Error(s), 3 Warning(s).
d  -  C:\Keil\ARM\BIN\ABLSTCM.dll
ror(s), 3 Warning(s).
