<html>
<body>
<pre>
<h1>µVision Build Log</h1>
<h2>Project:</h2>
D:\Education\College\Courses\Junior\Second Term\Embedded Systems\Microwave-Oven-Controller\Microwave_Oven_Controller.uvproj
Project File Date:  05/21/2022

<h2>Output:</h2>
Build target 'Target 1'
compiling LCD.c...
compiling CONDITION_FUNCTIONS.c...
CONDITIONS_FUNCTIONS\CONDITION_FUNCTIONS.c(75): warning:  #167-D: argument of type "unsigned char *" is incompatible with parameter of type "char *"
                LCD_StringPos(falling_edges,1,1);
CONDITIONS_FUNCTIONS\CONDITION_FUNCTIONS.c(145): warning:  #1-D: last line of file ends without a newline
  }
CONDITIONS_FUNCTIONS\CONDITION_FUNCTIONS.c: 2 warnings, 0 errors
linking...
Program Size: Code=2468 RO-data=652 RW-data=24 ZI-data=512  
".\Microwave_Oven_Controller.axf" - 0 Error(s), 2 Warning(s).
Load "D:\\Education\\College\\Courses\\Junior\\Second Term\\Embedded Systems\\Microwave-Oven-Controller\\Microwave_Oven_Controller.axf" 
Connecting: Mode=JTAG, Speed=1000000Hz
Erase Done.
Programming Done.
Verify OK.
ms\Microwave-Oven-Controller\Microwave_Oven_Controller.axf'
