<html>
<body>
<pre>
<h1>µVision Build Log</h1>
<h2>Project:</h2>
D:\Education\College\Courses\Junior\Second Term\Embedded Systems\Microwave-Oven-Controller\Microwave_Oven_Controller.uvproj
Project File Date:  05/24/2022

<h2>Output:</h2>
Build target 'Target 1'
compiling Microwave_Functions.c...
Microwave_Functions\Microwave_Functions.c(149): warning:  #550-D: variable "f30" was set but never used
        unsigned char f30 = 0;  //to get a value smaller than 30
Microwave_Functions\Microwave_Functions.c: 1 warning, 0 errors
linking...
Program Size: Code=3672 RO-data=652 RW-data=32 ZI-data=512  
".\Microwave_Oven_Controller.axf" - 0 Error(s), 1 Warning(s).
</pre>
</body>
</html>
ge\\Courses\\Junior\\Second Term\\Embedded Systems\\Microwave-Oven-Controller\\Microwave_Oven_Controller.axf" 
Connecting: Mode=JTAG, Speed=1000000Hz
Erase Done.
Programming Done.
Verify OK.
 Download failed  -  "Cortex-M4"
ns\Conditions_Functions.c: 1 warning, 0 errors
linking...
Program Size: Code=3692 RO-data=652 RW-data=32 ZI-data=512  
".\Microwave_Oven_Controller.axf" - 0 Error(s), 3 Warning(s).
nctions\Microwave_Functions.c: 1 warning, 0 errors
"Microwave_Functions\Microwave_Functions.c" - 0 Error(s), 1 Warning(s).
Load "D:\\Education\\College\\Courses\\Junior\\Second Term\\Embedded Systems\\Microwave-Oven-Controller\\Microwave_Oven_Controller.axf" 
_____^
*** error 56: cannot open file
Error: Flash Download failed  -  Could not load file 'D:\Education\College\Courses\Junior\Second Term\Embedded Systems\Microwave-Oven-Controller\Microwave_Oven_Controller.axf'
