<html>
<body>
<pre>
<h1>µVision Build Log</h1>
<h2>Project:</h2>
D:\Education\College\Courses\Junior\Second Term\Embedded Systems\Microwave-Oven-Controller\Microwave_Oven_Controller.uvproj
Project File Date:  05/21/2022

<h2>Output:</h2>
Build target 'Target 1'
linking...
Program Size: Code=2476 RO-data=652 RW-data=24 ZI-data=512  
".\Microwave_Oven_Controller.axf" - 0 Error(s), 0 Warning(s).
ne
  }
Microwave_Functions\Microwave_Functions.c: 1 warning, 0 errors
linking...
Program Size: Code=2476 RO-data=652 RW-data=24 ZI-data=512  
".\Microwave_Oven_Controller.axf" - 0 Error(s), 1 Warning(s).
Load "D:\\Education\\College\\Courses\\Junior\\Second Term\\Embedded Systems\\Microwave-Oven-Controller\\Microwave_Oven_Controller.axf" 
Connecting: Mode=JTAG, Speed=1000000Hz
Erase Done.
Programming Done.
Verify OK.
without a newline
  }
CONDITIONS_FUNCTIONS\CONDITION_FUNCTIONS.c: 1 warning, 0 errors
".\Microwave_Oven_Controller.axf" - 1 Error(s), 3 Warning(s).
Target not created
