<html>
<body>
<pre>
<h1>µVision Build Log</h1>
<h2>Project:</h2>
D:\Education\College\Courses\Junior\Second Term\Embedded Systems\Microwave-Oven-Controller\Microwave_Oven_Controller.uvproj
Project File Date:  05/24/2022

<h2>Output:</h2>
Build target 'Target 1'
compiling main.c...
main.c(91): warning:  #1-D: last line of file ends without a newline
  }
main.c: 1 warning, 0 errors
linking...
Program Size: Code=3664 RO-data=652 RW-data=32 ZI-data=512  
".\Microwave_Oven_Controller.axf" - 0 Error(s), 1 Warning(s).
Load "D:\\Education\\College\\Courses\\Junior\\Second Term\\Embedded Systems\\Microwave-Oven-Controller\\Microwave_Oven_Controller.axf" 
Connecting: Mode=JTAG, Speed=1000000Hz
Erase Done.
Programming Done.
Verify OK.
</pre>
</body>
</html>
f file ends without a newline
  }
Conditions_Functions\Conditions_Functions.c: 1 warning, 0 errors
linking...
Program Size: Code=3664 RO-data=652 RW-data=32 ZI-data=512  
".\Microwave_Oven_Controller.axf" - 0 Error(s), 3 Warning(s).
