<html>
<body>
<pre>
<h1>µVision Build Log</h1>
<h2>Project:</h2>
C:\Hard disk\ASU\Junior Electrical\Second Term\Introduction to Embedded Systems\Project Microwave\Microwave-Oven-Controller\Microwave_Oven_Controller.uvproj
Project File Date:  05/15/2022

<h2>Output:</h2>
Build target 'Target 1'
compiling Microwave_Functions.c...
Microwave_Functions\Microwave_Functions.c(115): warning:  #1-D: last line of file ends without a newline
  }     
Microwave_Functions\Microwave_Functions.c: 1 warning, 0 errors
linking...
Program Size: Code=1736 RO-data=652 RW-data=20 ZI-data=516  
".\Microwave_Oven_Controller.axf" - 0 Error(s), 1 Warning(s).
</pre>
</body>
</html>
-D: Deprecated declaration D_Key - give arg types
  void D_Key ();
Microwave_Functions\Microwave_Functions.c(117): warning:  #1-D: last line of file ends without a newline
        
Microwave_Functions\Microwave_Functions.c: 2 warnings, 0 errors
linking...
.\Microwave_Oven_Controller.axf: Error: L6200E: Symbol checknum multiply defined (by microwave_functions.o and main.o).
.\Microwave_Oven_Controller.axf: Error: L6200E: Symbol D_Key multiply defined (by microwave_functions.o and main.o).
Not enough information to list image symbols.
Not enough information to list the image map.
Finished: 2 information, 0 warning and 2 error messages.
".\Microwave_Oven_Controller.axf" - 2 Error(s), 3 Warning(s).
Target not created
