<html>
<body>
<pre>
<h1>µVision Build Log</h1>
<h2>Project:</h2>
D:\Education\College\Courses\Junior\Second Term\Embedded Systems\Microwave-Oven-Controller\Microwave_Oven_Controller.uvproj
Project File Date:  05/23/2022

<h2>Output:</h2>
Build target 'Target 1'
compiling Microwave_Functions.c...
Microwave_Functions\Microwave_Functions.c(149): warning:  #550-D: variable "f30" was set but never used
                unsigned char f30 = 0;  //to get a value smaller than 30
Microwave_Functions\Microwave_Functions.c: 1 warning, 0 errors
linking...
Program Size: Code=3488 RO-data=652 RW-data=28 ZI-data=516  
".\Microwave_Oven_Controller.axf" - 0 Error(s), 1 Warning(s).
Load "D:\\Education\\College\\Courses\\Junior\\Second Term\\Embedded Systems\\Microwave-Oven-Controller\\Microwave_Oven_Controller.axf" 
Connecting: Mode=JTAG, Speed=1000000Hz
Erase Done.
Programming Done.
Verify OK.
Load "D:\\Education\\College\\Courses\\Junior\\Second Term\\Embedded Systems\\Microwave-Oven-Controller\\Microwave_Oven_Controller.axf" 
Connecting: Mode=JTAG, Speed=1000000Hz
Erase Done.
Programming Done.
Verify OK.
lash=00H  Required=20H) !
Contents missmatch at: 00000FB5H  (Flash=00H  Required=02H) !
Contents missmatch at: 00000FB8H  (Flash=00H  Required=8CH) !
Contents missmatch at: 00000FB9H  (Flash=00H  Required=0FH) !
Contents missmatch at: 00000FBEH  (Flash=00H  Required=31H) !
Contents missmatch at: 00000FBFH  (Flash=00H  Required=32H) !
Contents missmatch at: 00000FC0H  (Flash=00H  Required=33H) !
Contents missmatch at: 00000FC1H  (Flash=00H  Required=41H) !
Contents missmatch at: 00000FC2H  (Flash=00H  Required=34H) !
Contents missmatch at: 00000FC3H  (Flash=00H  Required=35H) !
Contents missmatch at: 00000FC4H  (Flash=00H  Required=36H) !
Contents missmatch at: 00000FC5H  (Flash=00H  Required=42H) !
Contents missmatch at: 00000FC6H  (Flash=00H  Required=37H) !
Contents missmatch at: 00000FC7H  (Flash=00H  Required=38H) !
Contents missmatch at: 00000FC8H  (Flash=00H  Required=39H) !
Contents missmatch at: 00000FC9H  (Flash=00H  Required=43H) !
Contents missmatch at: 00000FCAH  (Flash=00H  Required=2AH) !
Contents missmatch at: 00000FCBH  (Flash=00H  Required=30H) !
Contents missmatch at: 00000FCCH  (Flash=00H  Required=23H) !
Contents missmatch at: 00000FCDH  (Flash=00H  Required=44H) !
Verify Failed!
Error: Flash Download failed  -  "Cortex-M4"
Load "D:\\Education\\College\\Courses\\Junior\\Second Term\\Embedded Systems\\Microwave-Oven-Controller\\Microwave_Oven_Controller.axf" 
Connecting: Mode=JTAG, Speed=1000000Hz
Erase Done.
Programming Done.
Verify OK.
