<html>
<body>
<pre>
<h1>µVision Build Log</h1>
<h2>Project:</h2>
C:\Hard disk\ASU\Junior Electrical\Second Term\Introduction to Embedded Systems\Project Microwave\Microwave-Oven-Controller\Microwave_Oven_Controller.uvproj
Project File Date:  05/15/2022

<h2>Output:</h2>
Build target 'Target 1'
compiling main.c...
linking...
Program Size: Code=1810 RO-data=786 RW-data=20 ZI-data=516  
".\Microwave_Oven_Controller.axf" - 0 Error(s), 0 Warning(s).
</pre>
</body>
</html>
onds
main.c(63): error:  #28: expression must have a constant value
                        unsigned char secs [2] = {values[2], values[3]}; // declaring array for seconds
main.c(64): error:  #28: expression must have a constant value
                        unsigned char mins [2] = {values[0], values[1]}; // declaring array for minutes
main.c(64): error:  #28: expression must have a constant value
                        unsigned char mins [2] = {values[0], values[1]}; // declaring array for minutes
main.c: 0 warnings, 4 errors
".\Microwave_Oven_Controller.axf" - 4 Error(s), 0 Warning(s).
Target not created
