<html>
<body>
<pre>
<h1>µVision Build Log</h1>
<h2>Project:</h2>
E:\ASU - Engineering\Junior\Semester 6\CSE211s - Introduction to Embedded Systems\Project\Source Code\Microwave_Oven_Controller.uvproj
Project File Date:  05/11/2022

<h2>Output:</h2>
Build target 'Target 1'
compiling main.c...
compiling LCD.c...
linking...
Program Size: Code=888 RO-data=636 RW-data=0 ZI-data=608  
".\Microwave_Oven_Controller.axf" - 0 Error(s), 0 Warning(s).
rowave_Oven_Controller.axf" - 0 Error(s), 0 Warning(s).
.\Microwave_Oven_Controller.axf" - 0 Error(s), 1 Warning(s).
