<html>
<body>
<pre>
<h1>µVision Build Log</h1>
<h2>Project:</h2>
D:\Education\College\Courses\Junior\Second Term\Embedded Systems\Microwave-Oven-Controller\Microwave_Oven_Controller.uvproj
Project File Date:  05/24/2022

<h2>Output:</h2>
Build target 'Target 1'
compiling Microwave_Functions.c...
Microwave_Functions\Microwave_Functions.c(150): warning:  #550-D: variable "f30" was set but never used
        unsigned char f30 = 0;  //to get a value smaller than 30
Microwave_Functions\Microwave_Functions.c: 1 warning, 0 errors
linking...
Program Size: Code=3576 RO-data=652 RW-data=28 ZI-data=516  
".\Microwave_Oven_Controller.axf" - 0 Error(s), 1 Warning(s).
Load "D:\\Education\\College\\Courses\\Junior\\Second Term\\Embedded Systems\\Microwave-Oven-Controller\\Microwave_Oven_Controller.axf" 
Connecting: Mode=JTAG, Speed=1000000Hz
Erase Done.
Programming Done.
Verify OK.
smatch at: 000008DCH  (Flash=00H  Required=FFH) !
Contents missmatch at: 000008DDH  (Flash=00H  Required=F7H) !
Contents missmatch at: 000008DEH  (Flash=00H  Required=60H) !
Contents missmatch at: 000008DFH  (Flash=00H  Required=FEH) !
Contents missmatch at: 000008E0H  (Flash=00H  Required=4FH) !
Contents missmatch at: 000008E1H  (Flash=00H  Required=F4H) !
Contents missmatch at: 000008E2H  (Flash=00H  Required=FAH) !
Contents missmatch at: 000008E3H  (Flash=00H  Required=60H) !
Contents missmatch at: 000008E4H  (Flash=00H  Required=FFH) !
Contents missmatch at: 000008E5H  (Flash=00H  Required=F7H) !
Contents missmatch at: 000008E6H  (Flash=00H  Required=D2H) !
Contents missmatch at: 000008E7H  (Flash=00H  Required=FEH) !
Contents missmatch at: 000008E8H  (Flash=00H  Required=C3H) !
Contents missmatch at: 000008E9H  (Flash=00H  Required=20H) !
Contents missmatch at: 000008EAH  (Flash=00H  Required=FFH) !
Contents missmatch at: 000008EBH  (Flash=00H  Required=F7H) !
Contents missmatch at: 000008ECH  (Flash=00H  Required=FDH) !
Contents missmatch at: 000008EDH  (Flash=00H  Required=FDH) !
Contents missmatch at: 000008EEH  (Flash=00H  Required=3EH) !
Contents missmatch at: 000008EFH  (Flash=00H  Required=20H) !
Contents missmatch at: 000008F0H  (Flash=00H  Required=FFH) !
Contents missmatch at: 000008F1H  (Flash=00H  Required=F7H) !
Contents missmatch at: 000008F2H  (Flash=00H  Required=56H) !
Contents missmatch at: 000008F3H  (Flash=00H  Required=FEH) !
Contents missmatch at: 000008F5H  (Flash=00H  Required=20H) !
Contents missmatch at: 000008F6H  (Flash=00H  Required=BDH) !
Contents missmatch at: 000008F7H  (Flash=00H  Required=49H) !
Contents missmatch at: 000008F8H  (Flash=00H  Required=08H) !
Contents missmatch at: 000008F9H  (Flash=00H  Required=70H) !
Contents missmatch at: 000008FAH  (Flash=00H  Required=A4H) !
Contents missmatch at: 000008FBH  (Flash=00H  Required=F1H) !
Contents missmatch at: 000008FCH  (Flash=00H  Required=30H) !
Contents missmatch at: 000008FEH  (Flash=00H  Required=C0H) !
Contents missmatch at: 000008FFH  (Flash=00H  Required=EBH) !
Contents missmatch at: 00000901H  (Flash=00H  Required=10H) !
Contents missmatch at: 00000902H  (Flash=00H  Required=45H) !
Contents missmatch at: 00000905H  (Flash=00H  Required=20H) !
Contents missmatch at: 00000906H  (Flash=00H  Required=8DH) !
Contents missmatch at: 00000907H  (Flash=00H  Required=F8H) !
Contents missmatch at: 0000090AH  (Flash=00H  Required=3CH) !
Contents missmatch at: 0000090BH  (Flash=00H  Required=20H) !
Contents missmatch at: 0000090CH  (Flash=00H  Required=95H) !
Contents missmatch at: 0000090DH  (Flash=00H  Required=FBH) !
Contents missmatch at: 0000090EH  (Flash=00H  Required=F0H) !
Contents missmatch at: 0000090FH  (Flash=00H  Required=F0H) !
Contents missmatch at: 00000910H  (Flash=00H  Required=C0H) !
Contents missmatch at: 00000911H  (Flash=00H  Required=B2H) !
Contents missmatch at: 00000912H  (Flash=00H  Required=8DH) !
Contents missmatch at: 00000913H  (Flash=00H  Required=F8H) !
Contents missmatch at: 00000914H  (Flash=00H  Required=01H) !
Contents missmatch at: 00000916H  (Flash=00H  Required=3CH) !
Contents missmatch at: 00000917H  (Flash=00H  Required=20H) !
Contents missmatch at: 00000918H  (Flash=00H  Required=95H) !
Contents missmatch at: 00000919H  (Flash=00H  Required=FBH) !
Contents missmatch at: 0000091AH  (Flash=00H  Required=F0H) !
Contents missmatch at: 0000091BH  (Flash=00H  Required=F1H) !
Contents missmatch at: 0000091DH  (Flash=00H  Required=FBH) !
Contents missmatch at: 0000091EH  (Flash=00H  Required=11H) !
Contents missmatch at: 0000091FH  (Flash=00H  Required=50H) !
Contents missmatch at: 00000920H  (Flash=00H  Required=0AH) !
Contents missmatch at: 00000921H  (Flash=00H  Required=21H) !
Contents missmatch at: 00000922H  (Flash=00H  Required=90H) !
Contents missmatch at: 00000923H  (Flash=00H  Required=FBH) !
Contents missmatch at: 00000924H  (Flash=00H  Required=F1H) !
Contents missmatch at: 00000925H  (Flash=00H  Required=F0H) !
Contents missmatch at: 00000926H  (Flash=00H  Required=C0H) !
Contents missmatch at: 00000927H  (Flash=00H  Required=B2H) !
Contents missmatch at: 00000928H  (Flash=00H  Required=8DH) !
Contents missmatch at: 00000929H  (Flash=00H  Required=F8H) !
Contents missmatch at: 0000092AH  (Flash=00H  Required=04H) !
Contents missmatch at: 0000092CH  (Flash=00H  Required=9DH) !
Contents missmatch at: 0000092DH  (Flash=00H  Required=F8H) !
Contents missmatch at: 0000092EH  (Flash=00H  Required=01H) !
Contents missmatch at: 00000930H  (Flash=00H  Required=C0H) !
Contents missmatch at: 00000931H  (Flash=00H  Required=EBH) !
Contents missmatch at: 00000933H  (Flash=00H  Required=10H) !
Contents missmatch at: 00000934H  (Flash=00H  Required=A5H) !
Contents missmatch at: 00000935H  (Flash=00H  Required=EBH) !
Contents missmatch at: 00000936H  (Flash=00H  Required=80H) !
Contents missmatch at: 00000938H  (Flash=00H  Required=9DH) !
Contents missmatch at: 00000939H  (Flash=00H  Required=F8H) !
Contents missmatch at: 0000093AH  (Flash=00H  Required=04H) !
Contents missmatch at: 0000093BH  (Flash=00H  Required=10H) !
Contents missmatch at: 0000093CH  (Flash=00H  Required=01H) !
Contents missmatch at: 0000093DH  (Flash=00H  Required=EBH) !
Contents missmatch at: 0000093EH  (Flash=00H  Required=81H) !
Contents missmatch at: 0000093FH  (Flash=00H  Required=01H) !
Contents missmatch at: 00000940H  (Flash=00H  Required=A0H) !
Contents missmatch at: 00000941H  (Flash=00H  Required=EBH) !
Contents missmatch at: 00000942H  (Flash=00H  Required=41H) !
Contents missmatch at: 00000944H  (Flash=00H  Required=C0H) !
Contents missmatch at: 00000945H  (Flash=00H  Required=B2H) !
Contents missmatch at: 00000946H  (Flash=00H  Required=8DH) !
Contents missmatch at: 00000947H  (Flash=00H  Required=F8H) !
Contents missmatch at: 00000948H  (Flash=00H  Required=05H) !
Contents missmatch at: 0000094AH  (Flash=00H  Required=01H) !
Contents missmatch at: 0000094BH  (Flash=00H  Required=20H) !
Contents missmatch at: 0000094CH  (Flash=00H  Required=AAH) !
Contents missmatch at: 0000094DH  (Flash=00H  Required=49H) !
Contents missmatch at: 0000094EH  (Flash=00H  Required=08H) !
Too many errors to display !
Error: Flash Download failed  -  "Cortex-M4"
Load "D:\\Education\\College\\Courses\\Junior\\Second Term\\Embedded Systems\\Microwave-Oven-Controller\\Microwave_Oven_Controller.axf" 
Connecting: Mode=JTAG, Speed=1000000Hz
Erase Done.
Programming Done.
Verify OK.
