<html>
<body>
<pre>
<h1>µVision Build Log</h1>
<h2>Project:</h2>
D:\Education\College\Courses\Junior\Second Term\Embedded Systems\Microwave-Oven-Controller\Microwave_Oven_Controller.uvproj
Project File Date:  05/13/2022

<h2>Output:</h2>
Build target 'Target 1'
compiling LCD.c...
compiling Cooking.c...
Cooking.c(60): warning:  #1-D: last line of file ends without a newline
        
Cooking.c: 1 warning, 0 errors
linking...
Program Size: Code=1360 RO-data=652 RW-data=20 ZI-data=516  
".\Microwave_Oven_Controller.axf" - 0 Error(s), 1 Warning(s).
Load "D:\\Education\\College\\Courses\\Junior\\Second Term\\Embedded Systems\\Microwave-Oven-Controller\\Microwave_Oven_Controller.axf" 
Connecting: Mode=JTAG, Speed=1000000Hz
Erase Done.
Programming Done.
Verify OK.
);
Cooking.c(60): warning:  #1-D: last line of file ends without a newline
        
Cooking.c: 1 warning, 4 errors
".\Microwave_Oven_Controller.axf" - 4 Error(s), 1 Warning(s).
Target not created
 
Connecting: Mode=JTAG, Speed=1000000Hz
Erase Done.
Programming Done.
Verify OK.
ta=516  
".\Microwave_Oven_Controller.axf" - 0 Error(s), 5 Warning(s).
Load "D:\\Education\\College\\Courses\\Junior\\Second Term\\Embedded Systems\\Microwave-Oven-Controller\\Microwave_Oven_Controller.axf" 
Connecting: Mode=JTAG, Speed=1000000Hz
Erase Done.
Programming Done.
Verify OK.
