<html>
<body>
<pre>
<h1>µVision Build Log</h1>
<h2>Project:</h2>
D:\Education\College\Courses\Junior\Second Term\Embedded Systems\Microwave-Oven-Controller\Microwave_Oven_Controller.uvproj
Project File Date:  05/21/2022

<h2>Output:</h2>
Build target 'Target 1'
compiling main.c...
main.c(63): warning:  #1-D: last line of file ends without a newline
  }
main.c: 1 warning, 0 errors
compiling CONDITION_FUNCTIONS.c...
CONDITIONS_FUNCTIONS\CONDITION_FUNCTIONS.c(130): warning:  #1-D: last line of file ends without a newline
  }
CONDITIONS_FUNCTIONS\CONDITION_FUNCTIONS.c: 1 warning, 0 errors
linking...
Program Size: Code=2448 RO-data=652 RW-data=24 ZI-data=512  
".\Microwave_Oven_Controller.axf" - 0 Error(s), 2 Warning(s).
Load "D:\\Education\\College\\Courses\\Junior\\Second Term\\Embedded Systems\\Microwave-Oven-Controller\\Microwave_Oven_Controller.axf" 
Connecting: Mode=JTAG, Speed=1000000Hz
Erase Done.
Programming Done.
Verify OK.
</pre>
</body>
</html>
\Junior\\Second Term\\Embedded Systems\\Microwave-Oven-Controller\\Microwave_Oven_Controller.axf" 
Connecting: Mode=JTAG, Speed=1000000Hz
Erase Done.
Programming Done.
Verify OK.
ntroller.axf" 
Connecting: Mode=JTAG, Speed=1000000Hz
Erase Done.
Programming Done.
Verify OK.
iled  -  Could not load file 'D:\Education\College\Courses\Junior\Second Term\Embedded Systems\Microwave-Oven-Controller\Microwave_Oven_Controller.axf'
of file ends without a newline
  }
CONDITIONS_FUNCTIONS\CONDITION_FUNCTIONS.c: 1 warning, 4 errors
".\Microwave_Oven_Controller.axf" - 6 Error(s), 2 Warning(s).
Target not created
Load "D:\\Education\\College\\Courses\\Junior\\Second Term\\Embedded Systems\\Microwave-Oven-Controller\\Microwave_Oven_Controller.axf" 
_____^
*** error 56: cannot open file
Error: Flash Download failed  -  Could not load file 'D:\Education\College\Courses\Junior\Second Term\Embedded Systems\Microwave-Oven-Controller\Microwave_Oven_Controller.axf'
