<html>
<body>
<pre>
<h1>µVision Build Log</h1>
<h2>Project:</h2>
E:\ASU - Engineering\Junior\Semester 6\CSE211s - Introduction to Embedded Systems\Project\Source Code\Microwave_Oven_Controller.uvproj
Project File Date:  05/11/2022

<h2>Output:</h2>
Build target 'Target 1'
linking...
Program Size: Code=928 RO-data=636 RW-data=0 ZI-data=608  
".\Microwave_Oven_Controller.axf" - 0 Error(s), 0 Warning(s).
ine
  #endif
main.c: 1 warning, 0 errors
compiling LCD.c...
LCD\../timer/timer.h(13): warning:  #1-D: last line of file ends without a newline
  #endif
LCD\LCD.c: 1 warning, 0 errors
compiling timer.c...
timer\timer.h(13): warning:  #1-D: last line of file ends without a newline
  #endif
timer\timer.c: 1 warning, 0 errors
compiling keypad.c...
keypad.c: Error:  #5: cannot open source input file "keypad\keypad.c": No such file or directory
keypad\keypad.c: 0 warnings, 1 error
".\Microwave_Oven_Controller.axf" - 1 Error(s), 3 Warning(s).
Target not created
